[themonoclenow.com/index.html]
[backblue.gif]
[fade.gif]
[index.html]
[themonoclenow.com/comments/feed/index.html]
[themonoclenow.com/feed/index.html]
[themonoclenow.com/linkid.0.delayed]
[themonoclenow.com/page/2/index.html]
[themonoclenow.com/wp-content/plugins/google-analytics-for-wordpress/assets/js/frontend.min00ee.js]
[themonoclenow.com/wp-content/plugins/wordpress-popular-posts/assets/js/wpp.min4d2c.js]
[themonoclenow.com/wp-includes/js/jquery/jquery.min9d52.js]
[themonoclenow.com/wp-includes/js/jquery/jquery-migrate.mind617.js]
[themonoclenow.com/wp-json/index.html]
[themonoclenow.com/wp-content/plugins/jetpack/_inc/build/photon/photon.min1c52.js]
[themonoclenow.com/category/news/index.html]
[themonoclenow.com/category/politics/index.html]
[themonoclenow.com/wp-content/themes/mission-news/js/build/production.min.e40df.delayed]
[themonoclenow.com/category/sports/index.html]
[themonoclenow.com/news/durham-university-student-jailed-after-grey-college-burglaries/index.html]
[themonoclenow.com/news/hundreds-gather-for-blm-protest-in-durham/index.html]
[themonoclenow.com/politics/harry-and-meghan-what-we-can-learn/index.html]
[themonoclenow.com/politics/the-monocle-has-been-tracking-coronavirus-tests/index.html]
[themonoclenow.com/wp-includes/js/wp-embed.min40df.js]
[themonoclenow.com/index.html]
[themonoclenow.com/news/durham-to-close-early-due-to-coronavirus/index.html]
[themonoclenow.com/news/one-protest-two-countries-division-in-durham/index.html]
[themonoclenow.com/politics/in-the-alps-the-source-of-knowledge/index.html]
[themonoclenow.com/news/lilian-groves-tour-guide-extraordinaire/index.html]
[themonoclenow.com/politics/10-biggest-losers-this-election/index.html]
[themonoclenow.com/page/2/linkid.10.delayed]
[themonoclenow.com/news/inside-the-hong-kong-protests/index.html]
[themonoclenow.com/page/2/index.html]
[themonoclenow.com/page/3/index.html]
[themonoclenow.com/linkid.html]
[themonoclenow.com/news/durham-city-council-announce-end-to-community-protection-orders-for-student-noise-complaints/index.html]
[themonoclenow.com/wp-includes/css/dist/block-library/style.min40df.css]
[themonoclenow.com/news/durhams-disappointment-at-universitys-expansion/index.html]
[themonoclenow.com/the-team/index.html]
[themonoclenow.com/wp-content/plugins/google-analytics-for-wordpress/assets/css/frontend.min00ee.css]
[themonoclenow.com/politics/dont-take-rod-liddles-bait/index.html]
[themonoclenow.com/wp-content/plugins/wordpress-popular-posts/assets/css/wpp4d2c.css]
[themonoclenow.com/write-for-us/index.html]
[themonoclenow.com/tips/index.html]
[themonoclenow.com/politics/fears-for-student-vote-grow-due-to-royal-mail-strike/index.html]
[themonoclenow.com/politics/a-quick-guide-to-northern-irelands-political-parties/index.html]
[themonoclenow.com/wp-content/themes/mission-news/assets/font-awesome/webfonts/fa-brands-400.eot]
[themonoclenow.com/politics/the-monocle-takes-a-look-at-student-lenders/index.html]
[themonoclenow.com/wp-content/themes/mission-news/assets/font-awesome/webfonts/fa-brands-400.12d41d.delayed]
[themonoclenow.com/news/ucu-members-back-strikes-over-both-pensions-and-pay-and-conditions/index.html]
[themonoclenow.com/politics/vinyls-back-what-next/index.html]
[themonoclenow.com/news/ex-durham-university-head-of-department-suspended-from-new-role-following-allegations-of-failure-to-pay-rent/index.html]
[themonoclenow.com/wp-content/themes/mission-news/assets/font-awesome/webfonts/fa-brands-400.woff2]
[themonoclenow.com/sports/government-urged-to-declare-national-emergency-amidst-fears-it-could-be-liverpools-year/index.html]
[themonoclenow.com/wp-content/themes/mission-news/assets/font-awesome/webfonts/fa-brands-400.woff]
[themonoclenow.com/news/scientific-construction-concludes-at-durham-university/index.html]
[themonoclenow.com/wp-content/themes/mission-news/assets/font-awesome/webfonts/fa-brands-400.ttf]
[themonoclenow.com/wp-content/themes/mission-news/assets/font-awesome/webfonts/fa-regular-400.eot]
[themonoclenow.com/wp-content/themes/mission-news/assets/font-awesome/webfonts/fa-regular-400d41d.eot]
[themonoclenow.com/wp-content/themes/mission-news/assets/font-awesome/webfonts/fa-regular-400.woff2]
[themonoclenow.com/wp-content/themes/mission-news/assets/font-awesome/webfonts/fa-regular-400.woff]
[themonoclenow.com/wp-content/themes/mission-news/assets/font-awesome/webfonts/fa-regular-400.ttf]
[themonoclenow.com/wp-content/themes/mission-news/assets/font-awesome/webfonts/fa-solid-900.eot]
[themonoclenow.com/wp-content/themes/mission-news/assets/font-awesome/webfonts/fa-solid-900d41d.eot]
[themonoclenow.com/wp-content/themes/mission-news/assets/font-awesome/webfonts/fa-solid-900.woff2]
[themonoclenow.com/wp-content/themes/mission-news/assets/font-awesome/webfonts/fa-solid-900.woff]
[themonoclenow.com/wp-content/themes/mission-news/assets/font-awesome/webfonts/fa-solid-900.ttf]
[themonoclenow.com/wp-content/themes/mission-news/assets/font-awesome/css/all.min40df.css]
[themonoclenow.com/wp-content/themes/mission-news/style40df.css]
[themonoclenow.com/wp-content/plugins/jetpack/modules/carousel/images/arrows.png]
[themonoclenow.com/wp-content/plugins/jetpack/modules/carousel/images/arrows-2x.png]
[themonoclenow.com/wp-content/plugins/jetpack/modules/carousel/images/carousel-spritee4da.png]
[themonoclenow.com/wp-content/plugins/jetpack/modules/carousel/images/carousel-sprite-2xe4da.png]
[themonoclenow.com/wp-content/plugins/jetpack/modules/shortcodes/img/slideshow-controls.png]
[themonoclenow.com/wp-content/plugins/jetpack/modules/shortcodes/img/slideshow-controls-2x.png]
[themonoclenow.com/wp-content/plugins/jetpack/modules/shortcodes/images/slide-nav.png]
[themonoclenow.com/wp-content/plugins/jetpack/modules/shortcodes/images/expand.png]
[themonoclenow.com/wp-content/plugins/jetpack/css/jetpackf297.css]
[themonoclenow.com/wp-content/plugins/jetpack/modules/shortcodes/images/collapse.png]
[themonoclenow.com/wp-includes/wlwmanifest.xml]
[themonoclenow.com/category/news/page/2/index.html]
[themonoclenow.com/category/news/feed/index.html]
[themonoclenow.com/category/news/linkid.2c.delayed]
[themonoclenow.com/category/news/index.html]
[themonoclenow.com/wp-json/wp/v2/categories/2.json]
[themonoclenow.com/category/politics/linkid.2e.delayed]
[themonoclenow.com/category/politics/page/2/index.html]
[themonoclenow.com/category/politics/feed/index.html]
[themonoclenow.com/category/politics/index.html]
[themonoclenow.com/wp-json/wp/v2/categories/3.json]
[themonoclenow.com/category/sports/linkid.30.delayed]
[themonoclenow.com/category/sports/feed/index.html]
[themonoclenow.com/politics/man-does-job-maybe/index.html]
[themonoclenow.com/category/sports/index.html]
[themonoclenow.com/wp-json/wp/v2/categories/4.json]
[themonoclenow.com/sports/manchester-city-in-bid-to-buy-over-fans/index.html]
[themonoclenow.com/sports/lebron-works-on-defence-game-with-china/index.html]
[themonoclenow.com/news/durham-university-student-jailed-after-grey-college-burglaries/linkid.32.delayed]
[themonoclenow.com/wp-json/wp/v2/posts/407.json]
[themonoclenow.com/wp-json/oembed/1.0/embedd1fc.json]
[themonoclenow.com/wp-json/oembed/1.0/embed0133]
[themonoclenow.com/wp-content/plugins/jetpack/_inc/build/postmessage.minf297.js]
[themonoclenow.com/wp-content/plugins/jetpack/_inc/build/jquery.jetpack-resize.minf297.js]
[themonoclenow.com/wp-content/plugins/jetpack/_inc/build/likes/queuehandler.minf297.js]
[themonoclenow.com/news/durham-university-student-jailed-after-grey-college-burglaries/index.html]
[themonoclenow.com/wp-content/plugins/jetpack/_inc/build/sharedaddy/sharing.minf297.js]
[themonoclenow.com/news/hundreds-gather-for-blm-protest-in-durham/linkid.3b.delayed]
[themonoclenow.com/wp-json/wp/v2/posts/402.json]
[themonoclenow.com/wp-json/oembed/1.0/embed3534.json]
[themonoclenow.com/news/hundreds-gather-for-blm-protest-in-durham/index.html]
[themonoclenow.com/wp-json/oembed/1.0/embed1a67]
[themonoclenow.com/politics/harry-and-meghan-what-we-can-learn/linkid.3f.delayed]
[themonoclenow.com/wp-json/wp/v2/posts/396.json]
[themonoclenow.com/wp-json/oembed/1.0/embed4031.json]
[themonoclenow.com/politics/harry-and-meghan-what-we-can-learn/index.html]
[themonoclenow.com/wp-json/oembed/1.0/embed5901]
[themonoclenow.com/politics/the-monocle-has-been-tracking-coronavirus-tests/linkid.43.delayed]
[themonoclenow.com/wp-json/wp/v2/posts/373.json]
[themonoclenow.com/wp-json/oembed/1.0/embed2dbc.json]
[themonoclenow.com/politics/the-monocle-has-been-tracking-coronavirus-tests/index.html]
[themonoclenow.com/wp-json/oembed/1.0/embed883c]
[themonoclenow.com/news/durham-to-close-early-due-to-coronavirus/linkid.47.delayed]
[themonoclenow.com/wp-json/wp/v2/posts/363.json]
[themonoclenow.com/tag/tom-saunders/index.html]
[themonoclenow.com/wp-json/oembed/1.0/embed284b.json]
[themonoclenow.com/news/durham-to-close-early-due-to-coronavirus/index.html]
[themonoclenow.com/wp-json/oembed/1.0/embed470c]
[themonoclenow.com/news/one-protest-two-countries-division-in-durham/linkid.4b.delayed]
[themonoclenow.com/wp-json/wp/v2/posts/356.json]
[themonoclenow.com/wp-json/oembed/1.0/embed0579.json]
[themonoclenow.com/news/one-protest-two-countries-division-in-durham/index.html]
[themonoclenow.com/wp-json/oembed/1.0/embedc827]
[themonoclenow.com/politics/in-the-alps-the-source-of-knowledge/linkid.4f.delayed]
[themonoclenow.com/wp-json/wp/v2/posts/353.json]
[themonoclenow.com/wp-json/oembed/1.0/embedab65.json]
[themonoclenow.com/politics/in-the-alps-the-source-of-knowledge/index.html]
[themonoclenow.com/wp-json/oembed/1.0/embed1ebb]
[themonoclenow.com/news/lilian-groves-tour-guide-extraordinaire/linkid.53.delayed]
[themonoclenow.com/wp-json/wp/v2/posts/350.json]
[themonoclenow.com/wp-json/oembed/1.0/embedc8ee.json]
[themonoclenow.com/news/lilian-groves-tour-guide-extraordinaire/index.html]
[themonoclenow.com/wp-json/oembed/1.0/embed44b4]
[themonoclenow.com/politics/10-biggest-losers-this-election/linkid.57.delayed]
[themonoclenow.com/wp-json/wp/v2/posts/341.json]
[themonoclenow.com/wp-json/oembed/1.0/embed65dc.json]
[themonoclenow.com/politics/10-biggest-losers-this-election/index.html]
[themonoclenow.com/wp-json/oembed/1.0/embed0a23]
[themonoclenow.com/news/inside-the-hong-kong-protests/linkid.5b.delayed]
[themonoclenow.com/wp-json/wp/v2/posts/315.json]
[themonoclenow.com/wp-json/oembed/1.0/embed5a99.json]
[themonoclenow.com/news/inside-the-hong-kong-protests/index.html]
[themonoclenow.com/wp-json/oembed/1.0/embed841c]
[themonoclenow.com/page/3/linkid.5f.delayed]
[themonoclenow.com/page/3/index.html]
[themonoclenow.com/tag/charlotte-evans/index.html]
[themonoclenow.com/news/monocle-exlucisve-44-of-sexual-misconduct-cases-at-durham-university-go-unresolved/index.html]
[themonoclenow.com/news/durham-city-council-announce-end-to-community-protection-orders-for-student-noise-complaints/linkid.60.delayed]
[themonoclenow.com/news/senior-durham-professors-12000-expenses-claims-on-first-class-trains/index.html]
[themonoclenow.com/politics/a-letter-from-the-erg/index.html]
[themonoclenow.com/politics/dear-diary-a-day-out-with-extinction-rebellion/index.html]
[themonoclenow.com/politics/government-backtracks-on-porn-age-verification-plans/index.html]
[themonoclenow.com/politics/i-watched-the-queens-speech-so-you-dont-have-to/index.html]
[themonoclenow.com/wp-json/wp/v2/posts/252.json]
[themonoclenow.com/wp-json/oembed/1.0/embed6c26.json]
[themonoclenow.com/news/durham-city-council-announce-end-to-community-protection-orders-for-student-noise-complaints/index.html]
[themonoclenow.com/wp-json/oembed/1.0/embedc15b]
[themonoclenow.com/politics/dont-take-rod-liddles-bait/linkid.64.delayed]
[themonoclenow.com/wp-json/wp/v2/posts/280.json]
[themonoclenow.com/tag/david-balmer/index.html]
[themonoclenow.com/wp-json/oembed/1.0/embed2be4.json]
[themonoclenow.com/politics/dont-take-rod-liddles-bait/index.html]
[themonoclenow.com/wp-json/oembed/1.0/embeda0a3]
[themonoclenow.com/news/durhams-disappointment-at-universitys-expansion/linkid.68.delayed]
[themonoclenow.com/wp-json/wp/v2/posts/150.json]
[themonoclenow.com/news/durhams-disappointment-at-universitys-expansion/feed/index.html]
[themonoclenow.com/wp-json/oembed/1.0/embed935f.json]
[themonoclenow.com/news/durhams-disappointment-at-universitys-expansion/index.html]
[themonoclenow.com/wp-json/oembed/1.0/embed2caa]
[themonoclenow.com/wp-content/uploads/2019/11/David.6c.delayed]
[themonoclenow.com/the-team/linkid.6d.delayed]
[themonoclenow.com/wp-json/wp/v2/pages/20.json]
[themonoclenow.com/wp-json/oembed/1.0/embed741f.json]
[themonoclenow.com/the-team/index.html]
[themonoclenow.com/wp-json/oembed/1.0/embed8901]
[themonoclenow.com/wp-content/uploads/2019/10/Anonymous-Pencil-icon.png]
[themonoclenow.com/write-for-us/linkid.72.delayed]
[themonoclenow.com/wp-json/wp/v2/pages/21.json]
[themonoclenow.com/wp-json/oembed/1.0/embed1eca.json]
[themonoclenow.com/write-for-us/index.html]
[themonoclenow.com/wp-json/oembed/1.0/embed2668]
[themonoclenow.com/tips/linkid.76.delayed]
[themonoclenow.com/wp-json/wp/v2/pages/22.json]
[themonoclenow.com/wp-json/oembed/1.0/embed4f68.json]
[themonoclenow.com/tips/index.html]
[themonoclenow.com/page/2/linkid.html]
[themonoclenow.com/wp-json/oembed/1.0/embed284e]
[themonoclenow.com/politics/fears-for-student-vote-grow-due-to-royal-mail-strike/linkid.7a.delayed]
[themonoclenow.com/wp-json/wp/v2/posts/301.json]
[themonoclenow.com/wp-json/oembed/1.0/embedf687.json]
[themonoclenow.com/politics/fears-for-student-vote-grow-due-to-royal-mail-strike/index.html]
[themonoclenow.com/wp-json/oembed/1.0/embed30e9]
[themonoclenow.com/politics/a-quick-guide-to-northern-irelands-political-parties/linkid.7e.delayed]
[themonoclenow.com/wp-json/wp/v2/posts/288.json]
[themonoclenow.com/wp-json/oembed/1.0/embed75e0.json]
[themonoclenow.com/politics/a-quick-guide-to-northern-irelands-political-parties/index.html]
[themonoclenow.com/wp-json/oembed/1.0/embed35f1]
[themonoclenow.com/politics/the-monocle-takes-a-look-at-student-lenders/linkid.82.delayed]
[themonoclenow.com/wp-json/wp/v2/posts/292.json]
[themonoclenow.com/wp-json/oembed/1.0/embed1afc.json]
[themonoclenow.com/politics/the-monocle-takes-a-look-at-student-lenders/index.html]
[themonoclenow.com/wp-json/oembed/1.0/embedc579]
[themonoclenow.com/news/ucu-members-back-strikes-over-both-pensions-and-pay-and-conditions/linkid.86.delayed]
[themonoclenow.com/wp-json/wp/v2/posts/274.json]
[themonoclenow.com/wp-json/oembed/1.0/embed7692.json]
[themonoclenow.com/news/ucu-members-back-strikes-over-both-pensions-and-pay-and-conditions/index.html]
[themonoclenow.com/wp-json/oembed/1.0/embed96c3]
[themonoclenow.com/politics/vinyls-back-what-next/linkid.8a.delayed]
[themonoclenow.com/wp-json/wp/v2/posts/266.json]
[themonoclenow.com/wp-json/oembed/1.0/embed7680.json]
[themonoclenow.com/politics/vinyls-back-what-next/index.html]
[themonoclenow.com/wp-json/oembed/1.0/embed630a]
[themonoclenow.com/news/ex-durham-university-head-of-department-suspended-from-new-role-following-allegations-of-failure-to-pay-rent/linkid.8e.delayed]
[themonoclenow.com/wp-json/wp/v2/posts/254.json]
[themonoclenow.com/tag/conor-johnson/index.html]
[themonoclenow.com/wp-json/oembed/1.0/embedae81.json]
[themonoclenow.com/news/ex-durham-university-head-of-department-suspended-from-new-role-following-allegations-of-failure-to-pay-rent/index.html]
[themonoclenow.com/wp-json/oembed/1.0/embed20eb]
[themonoclenow.com/sports/government-urged-to-declare-national-emergency-amidst-fears-it-could-be-liverpools-year/linkid.92.delayed]
[themonoclenow.com/wp-json/wp/v2/posts/202.json]
[themonoclenow.com/wp-json/oembed/1.0/embed09ae.json]
[themonoclenow.com/sports/government-urged-to-declare-national-emergency-amidst-fears-it-could-be-liverpools-year/index.html]
[themonoclenow.com/wp-json/oembed/1.0/embed644e]
[themonoclenow.com/news/scientific-construction-concludes-at-durham-university/linkid.96.delayed]
[themonoclenow.com/wp-json/wp/v2/posts/200.json]
[themonoclenow.com/wp-json/oembed/1.0/embed3cd8.json]
[themonoclenow.com/news/scientific-construction-concludes-at-durham-university/index.html]
[themonoclenow.com/wp-json/oembed/1.0/embedd60b]
[themonoclenow.com/wp-content/themes/mission-news/assets/font-awesome/webfonts/fa-brands-400.svg]
[themonoclenow.com/wp-content/themes/mission-news/assets/font-awesome/webfonts/fa-regular-400.svg]
[themonoclenow.com/wp-content/themes/mission-news/assets/font-awesome/webfonts/fa-solid-900.svg]
[themonoclenow.com/category/news/page/2/linkid.9a.delayed]
[themonoclenow.com/category/news/page/2/index.html]
[themonoclenow.com/category/news/linkid.html]
[themonoclenow.com/category/politics/page/2/linkid.9b.delayed]
[themonoclenow.com/category/politics/page/2/index.html]
[themonoclenow.com/category/politics/linkid.html]
[themonoclenow.com/politics/man-does-job-maybe/linkid.9c.delayed]
[themonoclenow.com/wp-json/wp/v2/posts/172.json]
[themonoclenow.com/wp-json/oembed/1.0/embeded0c.json]
[themonoclenow.com/politics/man-does-job-maybe/index.html]
[themonoclenow.com/wp-json/oembed/1.0/embedc12e]
[themonoclenow.com/category/sports/linkid.html]
[themonoclenow.com/tag/ben-sampson/index.html]
[themonoclenow.com/sports/manchester-city-in-bid-to-buy-over-fans/linkid.a0.delayed]
[themonoclenow.com/wp-json/wp/v2/posts/155.json]
[themonoclenow.com/wp-json/oembed/1.0/embed012f.json]
[themonoclenow.com/sports/manchester-city-in-bid-to-buy-over-fans/index.html]
[themonoclenow.com/wp-json/oembed/1.0/embede639]
[themonoclenow.com/sports/lebron-works-on-defence-game-with-china/linkid.a4.delayed]
[themonoclenow.com/wp-json/wp/v2/posts/118.json]
[themonoclenow.com/wp-json/oembed/1.0/embede305.json]
[themonoclenow.com/sports/lebron-works-on-defence-game-with-china/index.html]
[themonoclenow.com/wp-json/oembed/1.0/embed4fc3]
[themonoclenow.com/news/durham-university-student-jailed-after-grey-college-burglaries/linkid.html]
[themonoclenow.com/wp-content/plugins/jetpack/_inc/social-logos/social-logosc8bb.eot]
[themonoclenow.com/wp-content/plugins/jetpack/_inc/social-logos/social-logos.minf297.css]
[themonoclenow.com/indexffa6.html]
[themonoclenow.com/news/durham-university-student-jailed-after-grey-college-burglaries/index9a7b.html]
[themonoclenow.com/news/durham-university-student-jailed-after-grey-college-burglaries/index5a58.html]
[themonoclenow.com/news/durham-university-student-jailed-after-grey-college-burglaries/index7d75.html]
[themonoclenow.com/news/durham-university-student-jailed-after-grey-college-burglaries/index1ea5.html]
[themonoclenow.com/news/durham-university-student-jailed-after-grey-college-burglaries/index266e.html]
[themonoclenow.com/news/hundreds-gather-for-blm-protest-in-durham/linkid.html]
[themonoclenow.com/index2e64.html]
[themonoclenow.com/news/hundreds-gather-for-blm-protest-in-durham/index9a7b.html]
[themonoclenow.com/news/hundreds-gather-for-blm-protest-in-durham/index5a58.html]
[themonoclenow.com/news/hundreds-gather-for-blm-protest-in-durham/index7d75.html]
[themonoclenow.com/news/hundreds-gather-for-blm-protest-in-durham/index1ea5.html]
[themonoclenow.com/news/hundreds-gather-for-blm-protest-in-durham/index266e.html]
[themonoclenow.com/politics/harry-and-meghan-what-we-can-learn/linkid.html]
[themonoclenow.com/index2e25.html]
[themonoclenow.com/politics/harry-and-meghan-what-we-can-learn/index9a7b.html]
[themonoclenow.com/politics/harry-and-meghan-what-we-can-learn/index5a58.html]
[themonoclenow.com/politics/harry-and-meghan-what-we-can-learn/index7d75.html]
[themonoclenow.com/politics/harry-and-meghan-what-we-can-learn/index1ea5.html]
[themonoclenow.com/politics/harry-and-meghan-what-we-can-learn/index266e.html]
[themonoclenow.com/politics/the-monocle-has-been-tracking-coronavirus-tests/linkid.html]
[themonoclenow.com/index7080.html]
[themonoclenow.com/politics/the-monocle-has-been-tracking-coronavirus-tests/index9a7b.html]
[themonoclenow.com/politics/the-monocle-has-been-tracking-coronavirus-tests/index5a58.html]
[themonoclenow.com/politics/the-monocle-has-been-tracking-coronavirus-tests/index7d75.html]
[themonoclenow.com/politics/the-monocle-has-been-tracking-coronavirus-tests/index1ea5.html]
[themonoclenow.com/politics/the-monocle-has-been-tracking-coronavirus-tests/index266e.html]
[themonoclenow.com/wp-content/plugins/jetpack/_inc/social-logos/social-logosc8bb.ttf]
[themonoclenow.com/tag/tom-saunders/linkid.aa.delayed]
[themonoclenow.com/tag/tom-saunders/feed/index.html]
[themonoclenow.com/tag/tom-saunders/page/2/index.html]
[themonoclenow.com/tag/tom-saunders/index.html]
[themonoclenow.com/news/durham-to-close-early-due-to-coronavirus/linkid.html]
[themonoclenow.com/index481e.html]
[themonoclenow.com/news/durham-to-close-early-due-to-coronavirus/index9a7b.html]
[themonoclenow.com/news/durham-to-close-early-due-to-coronavirus/index5a58.html]
[themonoclenow.com/news/durham-to-close-early-due-to-coronavirus/index7d75.html]
[themonoclenow.com/news/durham-to-close-early-due-to-coronavirus/index1ea5.html]
[themonoclenow.com/news/durham-to-close-early-due-to-coronavirus/index266e.html]
[themonoclenow.com/news/one-protest-two-countries-division-in-durham/linkid.html]
[themonoclenow.com/index57e7.html]
[themonoclenow.com/news/one-protest-two-countries-division-in-durham/index9a7b.html]
[themonoclenow.com/news/one-protest-two-countries-division-in-durham/index5a58.html]
[themonoclenow.com/news/one-protest-two-countries-division-in-durham/index7d75.html]
[themonoclenow.com/news/one-protest-two-countries-division-in-durham/index1ea5.html]
[themonoclenow.com/news/one-protest-two-countries-division-in-durham/index266e.html]
[themonoclenow.com/politics/in-the-alps-the-source-of-knowledge/linkid.html]
[themonoclenow.com/indexbc6e.html]
[themonoclenow.com/politics/in-the-alps-the-source-of-knowledge/index9a7b.html]
[themonoclenow.com/politics/in-the-alps-the-source-of-knowledge/index5a58.html]
[themonoclenow.com/politics/in-the-alps-the-source-of-knowledge/index7d75.html]
[themonoclenow.com/politics/in-the-alps-the-source-of-knowledge/index1ea5.html]
[themonoclenow.com/politics/in-the-alps-the-source-of-knowledge/index266e.html]
[themonoclenow.com/news/lilian-groves-tour-guide-extraordinaire/linkid.html]
[themonoclenow.com/index8fbb.html]
[themonoclenow.com/news/lilian-groves-tour-guide-extraordinaire/index9a7b.html]
[themonoclenow.com/news/lilian-groves-tour-guide-extraordinaire/index5a58.html]
[themonoclenow.com/news/lilian-groves-tour-guide-extraordinaire/index7d75.html]
[themonoclenow.com/news/lilian-groves-tour-guide-extraordinaire/index1ea5.html]
[themonoclenow.com/news/lilian-groves-tour-guide-extraordinaire/index266e.html]
[themonoclenow.com/politics/10-biggest-losers-this-election/linkid.html]
[themonoclenow.com/index47c4.html]
[themonoclenow.com/politics/10-biggest-losers-this-election/index9a7b.html]
[themonoclenow.com/politics/10-biggest-losers-this-election/index5a58.html]
[themonoclenow.com/politics/10-biggest-losers-this-election/index7d75.html]
[themonoclenow.com/politics/10-biggest-losers-this-election/index1ea5.html]
[themonoclenow.com/politics/10-biggest-losers-this-election/index266e.html]
[themonoclenow.com/news/inside-the-hong-kong-protests/linkid.html]
[themonoclenow.com/index7d3e.html]
[themonoclenow.com/news/inside-the-hong-kong-protests/index9a7b.html]
[themonoclenow.com/news/inside-the-hong-kong-protests/index5a58.html]
[themonoclenow.com/news/inside-the-hong-kong-protests/index7d75.html]
[themonoclenow.com/news/inside-the-hong-kong-protests/index1ea5.html]
[themonoclenow.com/news/inside-the-hong-kong-protests/index266e.html]
[themonoclenow.com/wp-json/wp/v2/tags/11.json]
[themonoclenow.com/tag/charlotte-evans/linkid.ac.delayed]
[themonoclenow.com/tag/charlotte-evans/feed/index.html]
[themonoclenow.com/tag/charlotte-evans/index.html]
[themonoclenow.com/page/3/linkid.html]
[themonoclenow.com/wp-json/wp/v2/tags/12.json]
[themonoclenow.com/news/monocle-exlucisve-44-of-sexual-misconduct-cases-at-durham-university-go-unresolved/linkid.ae.delayed]
[themonoclenow.com/news/monocle-exlucisve-44-of-sexual-misconduct-cases-at-durham-university-go-unresolved/feed/index.html]
[themonoclenow.com/wp-json/wp/v2/posts/193.json]
[themonoclenow.com/wp-json/oembed/1.0/embed0296.json]
[themonoclenow.com/news/monocle-exlucisve-44-of-sexual-misconduct-cases-at-durham-university-go-unresolved/index.html]
[themonoclenow.com/wp-json/oembed/1.0/embedb430]
[themonoclenow.com/news/senior-durham-professors-12000-expenses-claims-on-first-class-trains/linkid.b2.delayed]
[themonoclenow.com/wp-json/wp/v2/posts/178.json]
[themonoclenow.com/wp-json/oembed/1.0/embedf685.json]
[themonoclenow.com/news/senior-durham-professors-12000-expenses-claims-on-first-class-trains/index.html]
[themonoclenow.com/wp-json/oembed/1.0/embedd915]
[themonoclenow.com/politics/government-backtracks-on-porn-age-verification-plans/linkid.b6.delayed]
[themonoclenow.com/wp-json/wp/v2/posts/159.json]
[themonoclenow.com/wp-json/oembed/1.0/embed2a60.json]
[themonoclenow.com/politics/government-backtracks-on-porn-age-verification-plans/index.html]
[themonoclenow.com/wp-json/oembed/1.0/embed1bc8]
[themonoclenow.com/politics/a-letter-from-the-erg/linkid.ba.delayed]
[themonoclenow.com/wp-json/wp/v2/posts/128.json]
[themonoclenow.com/wp-json/oembed/1.0/embed8150.json]
[themonoclenow.com/politics/a-letter-from-the-erg/index.html]
[themonoclenow.com/wp-json/oembed/1.0/embed55a6]
[themonoclenow.com/politics/dear-diary-a-day-out-with-extinction-rebellion/linkid.be.delayed]
[themonoclenow.com/wp-json/wp/v2/posts/69.json]
[themonoclenow.com/wp-json/oembed/1.0/embedc82b.json]
[themonoclenow.com/politics/dear-diary-a-day-out-with-extinction-rebellion/index.html]
[themonoclenow.com/wp-json/oembed/1.0/embed7dcb]
[themonoclenow.com/politics/i-watched-the-queens-speech-so-you-dont-have-to/linkid.c2.delayed]
[themonoclenow.com/wp-json/wp/v2/posts/8.json]
[themonoclenow.com/wp-json/oembed/1.0/embed985c.json]
[themonoclenow.com/politics/i-watched-the-queens-speech-so-you-dont-have-to/index.html]
[themonoclenow.com/wp-json/oembed/1.0/embed9f1e]
[themonoclenow.com/news/durham-city-council-announce-end-to-community-protection-orders-for-student-noise-complaints/linkid.html]
[themonoclenow.com/indexa943.html]
[themonoclenow.com/news/durham-city-council-announce-end-to-community-protection-orders-for-student-noise-complaints/index9a7b.html]
[themonoclenow.com/news/durham-city-council-announce-end-to-community-protection-orders-for-student-noise-complaints/index5a58.html]
[themonoclenow.com/news/durham-city-council-announce-end-to-community-protection-orders-for-student-noise-complaints/index7d75.html]
[themonoclenow.com/news/durham-city-council-announce-end-to-community-protection-orders-for-student-noise-complaints/index1ea5.html]
[themonoclenow.com/news/durham-city-council-announce-end-to-community-protection-orders-for-student-noise-complaints/index266e.html]
[themonoclenow.com/tag/david-balmer/linkid.c6.delayed]
[themonoclenow.com/tag/david-balmer/feed/index.html]
[themonoclenow.com/tag/david-balmer/index.html]
[themonoclenow.com/politics/dont-take-rod-liddles-bait/linkid.html]
[themonoclenow.com/index90dd.html]
[themonoclenow.com/politics/dont-take-rod-liddles-bait/index9a7b.html]
[themonoclenow.com/politics/dont-take-rod-liddles-bait/index5a58.html]
[themonoclenow.com/politics/dont-take-rod-liddles-bait/index7d75.html]
[themonoclenow.com/politics/dont-take-rod-liddles-bait/index1ea5.html]
[themonoclenow.com/politics/dont-take-rod-liddles-bait/index266e.html]
[themonoclenow.com/news/durhams-disappointment-at-universitys-expansion/linkid.html]
[themonoclenow.com/index56d6.html]
[themonoclenow.com/news/durhams-disappointment-at-universitys-expansion/index9a7b.html]
[themonoclenow.com/news/durhams-disappointment-at-universitys-expansion/index5a58.html]
[themonoclenow.com/news/durhams-disappointment-at-universitys-expansion/index7d75.html]
[themonoclenow.com/news/durhams-disappointment-at-universitys-expansion/index1ea5.html]
[themonoclenow.com/news/durhams-disappointment-at-universitys-expansion/index266e.html]
[themonoclenow.com/the-team/linkid.html]
[themonoclenow.com/index341b.html]
[themonoclenow.com/write-for-us/linkid.html]
[themonoclenow.com/index3965.html]
[themonoclenow.com/tips/linkid.html]
[themonoclenow.com/index0345.html]
[themonoclenow.com/politics/fears-for-student-vote-grow-due-to-royal-mail-strike/linkid.html]
[themonoclenow.com/index8a7d.html]
[themonoclenow.com/politics/fears-for-student-vote-grow-due-to-royal-mail-strike/index9a7b.html]
[themonoclenow.com/politics/fears-for-student-vote-grow-due-to-royal-mail-strike/index5a58.html]
[themonoclenow.com/politics/fears-for-student-vote-grow-due-to-royal-mail-strike/index7d75.html]
[themonoclenow.com/politics/fears-for-student-vote-grow-due-to-royal-mail-strike/index1ea5.html]
[themonoclenow.com/politics/fears-for-student-vote-grow-due-to-royal-mail-strike/index266e.html]
[themonoclenow.com/politics/a-quick-guide-to-northern-irelands-political-parties/linkid.html]
[themonoclenow.com/index1d24.html]
[themonoclenow.com/politics/a-quick-guide-to-northern-irelands-political-parties/index9a7b.html]
[themonoclenow.com/politics/a-quick-guide-to-northern-irelands-political-parties/index5a58.html]
[themonoclenow.com/politics/a-quick-guide-to-northern-irelands-political-parties/index7d75.html]
[themonoclenow.com/politics/a-quick-guide-to-northern-irelands-political-parties/index1ea5.html]
[themonoclenow.com/politics/a-quick-guide-to-northern-irelands-political-parties/index266e.html]
[themonoclenow.com/politics/the-monocle-takes-a-look-at-student-lenders/linkid.html]
[themonoclenow.com/index2af5.html]
[themonoclenow.com/politics/the-monocle-takes-a-look-at-student-lenders/index9a7b.html]
[themonoclenow.com/politics/the-monocle-takes-a-look-at-student-lenders/index5a58.html]
[themonoclenow.com/politics/the-monocle-takes-a-look-at-student-lenders/index7d75.html]
[themonoclenow.com/politics/the-monocle-takes-a-look-at-student-lenders/index1ea5.html]
[themonoclenow.com/politics/the-monocle-takes-a-look-at-student-lenders/index266e.html]
[themonoclenow.com/news/ucu-members-back-strikes-over-both-pensions-and-pay-and-conditions/linkid.html]
[themonoclenow.com/indexd251.html]
[themonoclenow.com/news/ucu-members-back-strikes-over-both-pensions-and-pay-and-conditions/index9a7b.html]
[themonoclenow.com/news/ucu-members-back-strikes-over-both-pensions-and-pay-and-conditions/index5a58.html]
[themonoclenow.com/news/ucu-members-back-strikes-over-both-pensions-and-pay-and-conditions/index7d75.html]
[themonoclenow.com/news/ucu-members-back-strikes-over-both-pensions-and-pay-and-conditions/index1ea5.html]
[themonoclenow.com/news/ucu-members-back-strikes-over-both-pensions-and-pay-and-conditions/index266e.html]
[themonoclenow.com/politics/vinyls-back-what-next/linkid.html]
[themonoclenow.com/index6543.html]
[themonoclenow.com/politics/vinyls-back-what-next/index9a7b.html]
[themonoclenow.com/politics/vinyls-back-what-next/index5a58.html]
[themonoclenow.com/politics/vinyls-back-what-next/index7d75.html]
[themonoclenow.com/politics/vinyls-back-what-next/index1ea5.html]
[themonoclenow.com/politics/vinyls-back-what-next/index266e.html]
[themonoclenow.com/wp-json/wp/v2/tags/14.json]
[themonoclenow.com/tag/conor-johnson/feed/index.html]
[themonoclenow.com/tag/conor-johnson/linkid.c8.delayed]
[themonoclenow.com/tag/conor-johnson/index.html]
[themonoclenow.com/news/ex-durham-university-head-of-department-suspended-from-new-role-following-allegations-of-failure-to-pay-rent/linkid.html]
[themonoclenow.com/index6233.html]
[themonoclenow.com/news/ex-durham-university-head-of-department-suspended-from-new-role-following-allegations-of-failure-to-pay-rent/index9a7b.html]
[themonoclenow.com/news/ex-durham-university-head-of-department-suspended-from-new-role-following-allegations-of-failure-to-pay-rent/index5a58.html]
[themonoclenow.com/news/ex-durham-university-head-of-department-suspended-from-new-role-following-allegations-of-failure-to-pay-rent/index7d75.html]
[themonoclenow.com/news/ex-durham-university-head-of-department-suspended-from-new-role-following-allegations-of-failure-to-pay-rent/index1ea5.html]
[themonoclenow.com/news/ex-durham-university-head-of-department-suspended-from-new-role-following-allegations-of-failure-to-pay-rent/index266e.html]
[themonoclenow.com/sports/government-urged-to-declare-national-emergency-amidst-fears-it-could-be-liverpools-year/linkid.html]
[themonoclenow.com/index6452.html]
[themonoclenow.com/sports/government-urged-to-declare-national-emergency-amidst-fears-it-could-be-liverpools-year/index9a7b.html]
[themonoclenow.com/sports/government-urged-to-declare-national-emergency-amidst-fears-it-could-be-liverpools-year/index5a58.html]
[themonoclenow.com/sports/government-urged-to-declare-national-emergency-amidst-fears-it-could-be-liverpools-year/index7d75.html]
[themonoclenow.com/sports/government-urged-to-declare-national-emergency-amidst-fears-it-could-be-liverpools-year/index1ea5.html]
[themonoclenow.com/sports/government-urged-to-declare-national-emergency-amidst-fears-it-could-be-liverpools-year/index266e.html]
[themonoclenow.com/news/scientific-construction-concludes-at-durham-university/linkid.html]
[themonoclenow.com/indexdc0d.html]
[themonoclenow.com/news/scientific-construction-concludes-at-durham-university/index9a7b.html]
[themonoclenow.com/news/scientific-construction-concludes-at-durham-university/index5a58.html]
[themonoclenow.com/news/scientific-construction-concludes-at-durham-university/index7d75.html]
[themonoclenow.com/news/scientific-construction-concludes-at-durham-university/index1ea5.html]
[themonoclenow.com/news/scientific-construction-concludes-at-durham-university/index266e.html]
[themonoclenow.com/xmlrpc0db0.html]
[themonoclenow.com/category/news/page/2/linkid.html]
[themonoclenow.com/category/politics/page/2/linkid.html]
[themonoclenow.com/politics/man-does-job-maybe/linkid.html]
[themonoclenow.com/indexf4d1.html]
[themonoclenow.com/politics/man-does-job-maybe/index9a7b.html]
[themonoclenow.com/politics/man-does-job-maybe/index5a58.html]
[themonoclenow.com/politics/man-does-job-maybe/index7d75.html]
[themonoclenow.com/politics/man-does-job-maybe/index1ea5.html]
[themonoclenow.com/politics/man-does-job-maybe/index266e.html]
[themonoclenow.com/wp-json/wp/v2/tags/7.json]
[themonoclenow.com/tag/ben-sampson/linkid.ca.delayed]
[themonoclenow.com/tag/ben-sampson/feed/index.html]
[themonoclenow.com/tag/ben-sampson/index.html]
[themonoclenow.com/sports/manchester-city-in-bid-to-buy-over-fans/linkid.html]
[themonoclenow.com/index43b2.html]
[themonoclenow.com/sports/manchester-city-in-bid-to-buy-over-fans/index9a7b.html]
[themonoclenow.com/sports/manchester-city-in-bid-to-buy-over-fans/index5a58.html]
[themonoclenow.com/sports/manchester-city-in-bid-to-buy-over-fans/index7d75.html]
[themonoclenow.com/sports/manchester-city-in-bid-to-buy-over-fans/index1ea5.html]
[themonoclenow.com/sports/manchester-city-in-bid-to-buy-over-fans/index266e.html]
[themonoclenow.com/sports/lebron-works-on-defence-game-with-china/linkid.html]
[themonoclenow.com/indexdb4e.html]
[themonoclenow.com/sports/lebron-works-on-defence-game-with-china/index9a7b.html]
[themonoclenow.com/sports/lebron-works-on-defence-game-with-china/index5a58.html]
[themonoclenow.com/sports/lebron-works-on-defence-game-with-china/index7d75.html]
[themonoclenow.com/sports/lebron-works-on-defence-game-with-china/index1ea5.html]
[themonoclenow.com/sports/lebron-works-on-defence-game-with-china/index266e.html]
[themonoclenow.com/wp-json/wp/v2/tags/8.json]
[themonoclenow.com/tag/tom-saunders/page/2/linkid.cc.delayed]
[themonoclenow.com/tag/tom-saunders/page/2/index.html]
[themonoclenow.com/tag/tom-saunders/linkid.html]
[themonoclenow.com/tag/charlotte-evans/linkid.html]
[themonoclenow.com/news/monocle-exlucisve-44-of-sexual-misconduct-cases-at-durham-university-go-unresolved/linkid.html]
[themonoclenow.com/index28c5.html]
[themonoclenow.com/news/monocle-exlucisve-44-of-sexual-misconduct-cases-at-durham-university-go-unresolved/index9a7b.html]
[themonoclenow.com/news/monocle-exlucisve-44-of-sexual-misconduct-cases-at-durham-university-go-unresolved/index5a58.html]
[themonoclenow.com/news/monocle-exlucisve-44-of-sexual-misconduct-cases-at-durham-university-go-unresolved/index7d75.html]
[themonoclenow.com/news/monocle-exlucisve-44-of-sexual-misconduct-cases-at-durham-university-go-unresolved/index1ea5.html]
[themonoclenow.com/news/monocle-exlucisve-44-of-sexual-misconduct-cases-at-durham-university-go-unresolved/index266e.html]
[themonoclenow.com/news/senior-durham-professors-12000-expenses-claims-on-first-class-trains/linkid.html]
[themonoclenow.com/indexb50d.html]
[themonoclenow.com/news/senior-durham-professors-12000-expenses-claims-on-first-class-trains/index9a7b.html]
[themonoclenow.com/news/senior-durham-professors-12000-expenses-claims-on-first-class-trains/index5a58.html]
[themonoclenow.com/news/senior-durham-professors-12000-expenses-claims-on-first-class-trains/index7d75.html]
[themonoclenow.com/news/senior-durham-professors-12000-expenses-claims-on-first-class-trains/index1ea5.html]
[themonoclenow.com/news/senior-durham-professors-12000-expenses-claims-on-first-class-trains/index266e.html]
[themonoclenow.com/politics/government-backtracks-on-porn-age-verification-plans/linkid.html]
[themonoclenow.com/indexb950.html]
[themonoclenow.com/politics/government-backtracks-on-porn-age-verification-plans/index9a7b.html]
[themonoclenow.com/politics/government-backtracks-on-porn-age-verification-plans/index5a58.html]
[themonoclenow.com/politics/government-backtracks-on-porn-age-verification-plans/index7d75.html]
[themonoclenow.com/politics/government-backtracks-on-porn-age-verification-plans/index1ea5.html]
[themonoclenow.com/politics/government-backtracks-on-porn-age-verification-plans/index266e.html]
[themonoclenow.com/politics/a-letter-from-the-erg/linkid.html]
[themonoclenow.com/index913e.html]
[themonoclenow.com/politics/a-letter-from-the-erg/index9a7b.html]
[themonoclenow.com/politics/a-letter-from-the-erg/index5a58.html]
[themonoclenow.com/politics/a-letter-from-the-erg/index7d75.html]
[themonoclenow.com/politics/a-letter-from-the-erg/index1ea5.html]
[themonoclenow.com/politics/a-letter-from-the-erg/index266e.html]
[themonoclenow.com/politics/dear-diary-a-day-out-with-extinction-rebellion/linkid.html]
[themonoclenow.com/indexe2dc.html]
[themonoclenow.com/politics/dear-diary-a-day-out-with-extinction-rebellion/index9a7b.html]
[themonoclenow.com/politics/dear-diary-a-day-out-with-extinction-rebellion/index5a58.html]
[themonoclenow.com/politics/dear-diary-a-day-out-with-extinction-rebellion/index7d75.html]
[themonoclenow.com/politics/dear-diary-a-day-out-with-extinction-rebellion/index1ea5.html]
[themonoclenow.com/politics/dear-diary-a-day-out-with-extinction-rebellion/index266e.html]
[themonoclenow.com/politics/i-watched-the-queens-speech-so-you-dont-have-to/linkid.html]
[themonoclenow.com/index2df4.html]
[themonoclenow.com/politics/i-watched-the-queens-speech-so-you-dont-have-to/index9a7b.html]
[themonoclenow.com/politics/i-watched-the-queens-speech-so-you-dont-have-to/index5a58.html]
[themonoclenow.com/politics/i-watched-the-queens-speech-so-you-dont-have-to/index7d75.html]
[themonoclenow.com/politics/i-watched-the-queens-speech-so-you-dont-have-to/index1ea5.html]
[themonoclenow.com/politics/i-watched-the-queens-speech-so-you-dont-have-to/index266e.html]
[themonoclenow.com/tag/david-balmer/linkid.html]
[themonoclenow.com/tag/conor-johnson/linkid.html]
[themonoclenow.com/tag/ben-sampson/linkid.html]
[themonoclenow.com/tag/tom-saunders/page/2/linkid.html]
